Archive member included because of file (symbol)

c:/winavr-20100110/bin/../lib/gcc/avr/4.3.3/avr5\libgcc.a(_udivmodsi4.o)
                              main.o (__udivmodsi4)
c:/winavr-20100110/bin/../lib/gcc/avr/4.3.3/avr5\libgcc.a(_exit.o)
                              c:/winavr-20100110/bin/../lib/gcc/avr/4.3.3/../../../../avr/lib/avr5/crtm328p.o (exit)
c:/winavr-20100110/bin/../lib/gcc/avr/4.3.3/avr5\libgcc.a(_copy_data.o)
                              uart.o (__do_copy_data)
c:/winavr-20100110/bin/../lib/gcc/avr/4.3.3/avr5\libgcc.a(_clear_bss.o)
                              timebase.o (__do_clear_bss)

Allocating common symbols
Common symbol       size              file

Timebase            0x2               timebase.o
Timebase_type       0x33              timebase.o

Memory Configuration

Name             Origin             Length             Attributes
text             0x00000000         0x00020000         xr
data             0x00800060         0x0000ffa0         rw !x
eeprom           0x00810000         0x00010000         rw !x
fuse             0x00820000         0x00000400         rw !x
lock             0x00830000         0x00000400         rw !x
signature        0x00840000         0x00000400         rw !x
*default*        0x00000000         0xffffffff

Linker script and memory map

Address of section .data set to 0x800100
LOAD c:/winavr-20100110/bin/../lib/gcc/avr/4.3.3/../../../../avr/lib/avr5/crtm328p.o
LOAD main.o
LOAD timebase.o
LOAD uart.o
LOAD res.o
LOAD lowpower.o
LOAD c:/winavr-20100110/bin/../lib/gcc/avr/4.3.3/../../../../avr/lib/avr5\libm.a
LOAD c:/winavr-20100110/bin/../lib/gcc/avr/4.3.3/avr5\libgcc.a
LOAD c:/winavr-20100110/bin/../lib/gcc/avr/4.3.3/../../../../avr/lib/avr5\libc.a
LOAD c:/winavr-20100110/bin/../lib/gcc/avr/4.3.3/avr5\libgcc.a

.hash
 *(.hash)

.dynsym
 *(.dynsym)

.dynstr
 *(.dynstr)

.gnu.version
 *(.gnu.version)

.gnu.version_d
 *(.gnu.version_d)

.gnu.version_r
 *(.gnu.version_r)

.rel.init
 *(.rel.init)

.rela.init
 *(.rela.init)

.rel.text
 *(.rel.text)
 *(.rel.text.*)
 *(.rel.gnu.linkonce.t*)

.rela.text
 *(.rela.text)
 *(.rela.text.*)
 *(.rela.gnu.linkonce.t*)

.rel.fini
 *(.rel.fini)

.rela.fini
 *(.rela.fini)

.rel.rodata
 *(.rel.rodata)
 *(.rel.rodata.*)
 *(.rel.gnu.linkonce.r*)

.rela.rodata
 *(.rela.rodata)
 *(.rela.rodata.*)
 *(.rela.gnu.linkonce.r*)

.rel.data
 *(.rel.data)
 *(.rel.data.*)
 *(.rel.gnu.linkonce.d*)

.rela.data
 *(.rela.data)
 *(.rela.data.*)
 *(.rela.gnu.linkonce.d*)

.rel.ctors
 *(.rel.ctors)

.rela.ctors
 *(.rela.ctors)

.rel.dtors
 *(.rel.dtors)

.rela.dtors
 *(.rela.dtors)

.rel.got
 *(.rel.got)

.rela.got
 *(.rela.got)

.rel.bss
 *(.rel.bss)

.rela.bss
 *(.rela.bss)

.rel.plt
 *(.rel.plt)

.rela.plt
 *(.rela.plt)

.text           0x00000000     0x1b92
 *(.vectors)
 .vectors       0x00000000       0x68 c:/winavr-20100110/bin/../lib/gcc/avr/4.3.3/../../../../avr/lib/avr5/crtm328p.o
                0x00000000                __vectors
                0x00000000                __vector_default
 *(.vectors)
 *(.progmem.gcc*)
 *(.progmem*)
                0x00000068                . = ALIGN (0x2)
                0x00000068                __trampolines_start = .
 *(.trampolines)
 .trampolines   0x00000068        0x0 linker stubs
 *(.trampolines*)
                0x00000068                __trampolines_end = .
 *(.jumptables)
 *(.jumptables*)
 *(.lowtext)
 *(.lowtext*)
                0x00000068                __ctors_start = .
 *(.ctors)
                0x00000068                __ctors_end = .
                0x00000068                __dtors_start = .
 *(.dtors)
                0x00000068                __dtors_end = .
 SORT(*)(.ctors)
 SORT(*)(.dtors)
 *(.init0)
 .init0         0x00000068        0x0 c:/winavr-20100110/bin/../lib/gcc/avr/4.3.3/../../../../avr/lib/avr5/crtm328p.o
                0x00000068                __init
 *(.init0)
 *(.init1)
 *(.init1)
 *(.init2)
 .init2         0x00000068        0xc c:/winavr-20100110/bin/../lib/gcc/avr/4.3.3/../../../../avr/lib/avr5/crtm328p.o
 *(.init2)
 *(.init3)
 *(.init3)
 *(.init4)
 .init4         0x00000074       0x16 c:/winavr-20100110/bin/../lib/gcc/avr/4.3.3/avr5\libgcc.a(_copy_data.o)
                0x00000074                __do_copy_data
 .init4         0x0000008a       0x10 c:/winavr-20100110/bin/../lib/gcc/avr/4.3.3/avr5\libgcc.a(_clear_bss.o)
                0x0000008a                __do_clear_bss
 *(.init4)
 *(.init5)
 *(.init5)
 *(.init6)
 *(.init6)
 *(.init7)
 *(.init7)
 *(.init8)
 *(.init8)
 *(.init9)
 .init9         0x0000009a        0x8 c:/winavr-20100110/bin/../lib/gcc/avr/4.3.3/../../../../avr/lib/avr5/crtm328p.o
 *(.init9)
 *(.text)
 .text          0x000000a2        0x4 c:/winavr-20100110/bin/../lib/gcc/avr/4.3.3/../../../../avr/lib/avr5/crtm328p.o
                0x000000a2                __vector_22
                0x000000a2                __vector_1
                0x000000a2                __vector_24
                0x000000a2                __vector_12
                0x000000a2                __bad_interrupt
                0x000000a2                __vector_3
                0x000000a2                __vector_23
                0x000000a2                __vector_25
                0x000000a2                __vector_11
                0x000000a2                __vector_13
                0x000000a2                __vector_17
                0x000000a2                __vector_19
                0x000000a2                __vector_7
                0x000000a2                __vector_5
                0x000000a2                __vector_4
                0x000000a2                __vector_9
                0x000000a2                __vector_2
                0x000000a2                __vector_21
                0x000000a2                __vector_15
                0x000000a2                __vector_8
                0x000000a2                __vector_10
                0x000000a2                __vector_16
                0x000000a2                __vector_20
 .text          0x000000a6       0x54 main.o
                0x000000a6                main
 .text          0x000000fa     0x1126 timebase.o
                0x000009a4                Timebase_UpCounter_Set_Period_Value_Securely
                0x00001040                Timebase_DownCounter_Period_Value_Expired
                0x00000afc                Timebase_UpCounter_Reset_All
                0x0000046e                Timebase_UpCounter_Get_EndValue
                0x00000758                Timebase_UpCounter_Set_Securely
                0x00000b04                Timebase_DownCounter_Get_Status
                0x00000e4c                Timebase_DownCounter_Set_Forcefully
                0x0000116a                Timebase_ISR_Executables
                0x000005fc                Timebase_UpCounter_Get_Period_Flag
                0x000010fc                Timebase_DownCounter_Update_All
                0x00000624                Timebase_UpCounter_Set_Period_Flag
                0x00001124                Timebase_Reset
                0x0000112e                Timebase_Init
                0x00000678                Timebase_UpCounter_Reset
                0x00000530                Timebase_UpCounter_Get_TemporaryValue
                0x000004a8                Timebase_UpCounter_Set_EndValue
                0x00000442                Timebase_UpCounter_Set_Value
                0x00000722                Timebase_UpCounter_Stop
                0x0000056a                Timebase_UpCounter_Set_TemporaryValue
                0x00001104                Timebase_DownCounter_Reset_All
                0x000002d2                Timebase_Timer_Get_SubSeconds
                0x00000a38                Timebase_UpCounter_Period_Value_Expired
                0x0000081a                Timebase_UpCounter_Update
                0x00000af4                Timebase_UpCounter_Update_All
                0x00000310                Timebase_Timer_Set_Seconds
                0x00000fac                Timebase_DownCounter_Set_Period_Value_Securely
                0x000010bc                Timebase_DownCounter_Period_Value_Expired_Event
                0x00000f2e                Timebase_DownCounter_Expired
                0x000006ec                Timebase_UpCounter_Start
                0x00000d46                Timebase_DownCounter_Clear_All_Flags
                0x00000bc4                Timebase_DownCounter_Get_EndValue
                0x00000b98                Timebase_DownCounter_Set_Value
                0x000009ec                Timebase_UpCounter_Get_Remaining_Period_Value
                0x00001148                Timebase_Main_Loop_Executables
                0x00000c90                Timebase_DownCounter_Get_Period_Flag
                0x000005d0                Timebase_UpCounter_Set_PeriodValue
                0x0000028e                Timebase_Token_Executing
                0x00000c64                Timebase_DownCounter_Set_PeriodValue
                0x00000ff4                Timebase_DownCounter_Get_Remaining_Period_Value
                0x00000ce2                Timebase_DownCounter_Clear_Period_Flag
                0x000007f0                Timebase_UpCounter_Set_Forcefully
                0x000006e6                Timebase_UpCounter_Clear_All_Flags
                0x000002e8                Timebase_Timer_Get_Seconds
                0x00000408                Timebase_UpCounter_Get_Value
                0x00000cb8                Timebase_DownCounter_Set_Period_Flag
                0x00000b5e                Timebase_DownCounter_Get_Value
                0x000000fa                Timebase_Struct_Init
                0x0000036c                Timebase_Timer_Delay_Seconds
                0x000001ec                Timebase_Timer_Config
                0x000003d8                Timebase_UpCounter_Set_Status
                0x000002fe                Timebase_Timer_Set_SubSeconds
                0x00000e94                Timebase_DownCounter_Update
                0x00000d0c                Timebase_DownCounter_Reset
                0x00000932                Timebase_UpCounter_Expired
                0x000002c6                Timebase_Token_Remove_All
                0x00000c2a                Timebase_DownCounter_Get_PeriodValue
                0x00000bfe                Timebase_DownCounter_Set_EndValue
                0x0000064e                Timebase_UpCounter_Clear_Period_Flag
                0x00000ab4                Timebase_UpCounter_Period_Value_Expired_Event
                0x00000f62                Timebase_DownCounter_Expired_Event
                0x00000966                Timebase_UpCounter_Expired_Event
                0x00000db6                Timebase_DownCounter_Stop
                0x000004d4                Timebase_UpCounter_Get_TargetValue
                0x00000596                Timebase_UpCounter_Get_PeriodValue
                0x00000dec                Timebase_DownCounter_Set_Securely
                0x00000b2e                Timebase_DownCounter_Set_Status
                0x000002b0                Timebase_Token_Remove
                0x000011d8                __vector_14
                0x0000029a                Timebase_Token_Add
                0x00000322                Timebase_Timer_Delay_SubSeconds
                0x00000d80                Timebase_DownCounter_Start
                0x000003ae                Timebase_UpCounter_Get_Status
                0x00000502                Timebase_UpCounter_Set_TargetValue
 .text          0x00001220      0x6e2 uart.o
                0x000016e0                UART_Read
                0x000014f4                UART_Transmit_Text_NL
                0x000016b2                UART_Read_From_Buffer
                0x000014a4                UART_Transmit_New_Line
                0x000015a6                UART_Transmit_Number
                0x00001740                UART_Last_Received_Byte
                0x00001876                UART_Init
                0x000016c8                UART_Current_Read_Index
                0x0000176c                UART_Flush_Buffer
                0x000015f6                UART_Transmit_Fixed_Digit_Number
                0x0000129a                UART_Receive_Byte
                0x0000128a                UART_Transmit_Byte
                0x00001222                UART_Config_Clock
                0x00001220                UART_Config_GPIO
                0x0000127c                UART_Config_Receiver_Interrupt
                0x00001660                UART_Print_Debug_Data
                0x000013e4                UART_Transmit_Byte_Bin
                0x000014c2                UART_Transmit_Space
                0x00001258                UART_Config_Transmitter
                0x000012e2                UART_Struct_Init
                0x000017aa                UART_Interrupt_Service_Routine
                0x0000126a                UART_Config_Receiver
                0x000014d2                UART_Transmit_Text
                0x000015e2                UART_Transmit_Number_SP
                0x00001224                UART_Config_BAUD_Rate
                0x000015d8                UART_Transmit_Number_NL
                0x000016bc                UART_Current_Buffer_Index
                0x000014fe                UART_Determine_Digit_Numbers
                0x0000157c                UART_Transmit_Number_Digits
                0x000016d4                UART_Bytes_Available_To_Read
                0x000018ba                __vector_18
                0x00001332                UART_Transmit_Byte_Hex
 .text          0x00001902      0x17c res.o
                0x000019aa                ProgRes_Enable_Resistor15
                0x0000199a                ProgRes_Enable_Resistor11
                0x000019b2                ProgRes_Enable_Resistor17
                0x0000197e                ProgRes_Enable_Resistor4
                0x0000197a                ProgRes_Enable_Resistor3
                0x00001986                ProgRes_Enable_Resistor6
                0x00001902                ProgRes_Init
                0x000019ae                ProgRes_Enable_Resistor16
                0x000019ba                ProgRes_Enable_Resistor
                0x00001992                ProgRes_Enable_Resistor9
                0x00001a58                ProgRes_Clear_Update_Complete_Status
                0x00001972                ProgRes_Enable_Resistor1
                0x000019b6                ProgRes_Enable_Resistor18
                0x00001a50                ProgRes_Set_Update_Complete_Status
                0x0000194c                ProgRes_Disable_All
                0x000019a2                ProgRes_Enable_Resistor13
                0x0000198e                ProgRes_Enable_Resistor8
                0x0000198a                ProgRes_Enable_Resistor7
                0x00001982                ProgRes_Enable_Resistor5
                0x00001a4a                ProgRes_Get_Update_Complete_Status
                0x00001976                ProgRes_Enable_Resistor2
                0x00001996                ProgRes_Enable_Resistor10
                0x000019a6                ProgRes_Enable_Resistor14
                0x0000199e                ProgRes_Enable_Resistor12
                0x00001a5e                ProgRes_Enable_Resistor_Update
 .text          0x00001a7e       0xcc lowpower.o
                0x00001a7e                Deep_Sleep
                0x00001aee                __vector_6
                0x00001ac4                Sleep_Init
                0x00001a9a                ADC_Disable
                0x00001aa6                Analog_Comparator_Disable
                0x00001aae                WDT_Get_Ticks
 .text          0x00001b4a        0x0 c:/winavr-20100110/bin/../lib/gcc/avr/4.3.3/avr5\libgcc.a(_udivmodsi4.o)
 .text          0x00001b4a        0x0 c:/winavr-20100110/bin/../lib/gcc/avr/4.3.3/avr5\libgcc.a(_exit.o)
 .text          0x00001b4a        0x0 c:/winavr-20100110/bin/../lib/gcc/avr/4.3.3/avr5\libgcc.a(_copy_data.o)
 .text          0x00001b4a        0x0 c:/winavr-20100110/bin/../lib/gcc/avr/4.3.3/avr5\libgcc.a(_clear_bss.o)
                0x00001b4a                . = ALIGN (0x2)
 *(.text.*)
 .text.libgcc   0x00001b4a       0x44 c:/winavr-20100110/bin/../lib/gcc/avr/4.3.3/avr5\libgcc.a(_udivmodsi4.o)
                0x00001b4a                __udivmodsi4
 .text.libgcc   0x00001b8e        0x0 c:/winavr-20100110/bin/../lib/gcc/avr/4.3.3/avr5\libgcc.a(_exit.o)
 .text.libgcc   0x00001b8e        0x0 c:/winavr-20100110/bin/../lib/gcc/avr/4.3.3/avr5\libgcc.a(_copy_data.o)
 .text.libgcc   0x00001b8e        0x0 c:/winavr-20100110/bin/../lib/gcc/avr/4.3.3/avr5\libgcc.a(_clear_bss.o)
                0x00001b8e                . = ALIGN (0x2)
 *(.fini9)
 .fini9         0x00001b8e        0x0 c:/winavr-20100110/bin/../lib/gcc/avr/4.3.3/avr5\libgcc.a(_exit.o)
                0x00001b8e                exit
                0x00001b8e                _exit
 *(.fini9)
 *(.fini8)
 *(.fini8)
 *(.fini7)
 *(.fini7)
 *(.fini6)
 *(.fini6)
 *(.fini5)
 *(.fini5)
 *(.fini4)
 *(.fini4)
 *(.fini3)
 *(.fini3)
 *(.fini2)
 *(.fini2)
 *(.fini1)
 *(.fini1)
 *(.fini0)
 .fini0         0x00001b8e        0x4 c:/winavr-20100110/bin/../lib/gcc/avr/4.3.3/avr5\libgcc.a(_exit.o)
 *(.fini0)
                0x00001b92                _etext = .

.data           0x00800100        0x4 load address 0x00001b92
                0x00800100                PROVIDE (__data_start, .)
 *(.data)
 .data          0x00800100        0x0 c:/winavr-20100110/bin/../lib/gcc/avr/4.3.3/../../../../avr/lib/avr5/crtm328p.o
 .data          0x00800100        0x0 main.o
 .data          0x00800100        0x0 timebase.o
 .data          0x00800100        0x3 uart.o
 .data          0x00800103        0x0 res.o
 .data          0x00800103        0x0 lowpower.o
 .data          0x00800103        0x0 c:/winavr-20100110/bin/../lib/gcc/avr/4.3.3/avr5\libgcc.a(_udivmodsi4.o)
 .data          0x00800103        0x0 c:/winavr-20100110/bin/../lib/gcc/avr/4.3.3/avr5\libgcc.a(_exit.o)
 .data          0x00800103        0x0 c:/winavr-20100110/bin/../lib/gcc/avr/4.3.3/avr5\libgcc.a(_copy_data.o)
 .data          0x00800103        0x0 c:/winavr-20100110/bin/../lib/gcc/avr/4.3.3/avr5\libgcc.a(_clear_bss.o)
 *(.data*)
 *(.rodata)
 *(.rodata*)
 *(.gnu.linkonce.d*)
                0x00800104                . = ALIGN (0x2)
 *fill*         0x00800103        0x1 00
                0x00800104                _edata = .
                0x00800104                PROVIDE (__data_end, .)

.bss            0x00800104       0x6c
                0x00800104                PROVIDE (__bss_start, .)
 *(.bss)
 .bss           0x00800104        0x0 c:/winavr-20100110/bin/../lib/gcc/avr/4.3.3/../../../../avr/lib/avr5/crtm328p.o
 .bss           0x00800104        0x0 main.o
 .bss           0x00800104        0x0 timebase.o
 .bss           0x00800104       0x32 uart.o
 .bss           0x00800136        0x1 res.o
                0x00800136                update_complete
 .bss           0x00800137        0x4 lowpower.o
                0x00800137                WDT_Ticks
 .bss           0x0080013b        0x0 c:/winavr-20100110/bin/../lib/gcc/avr/4.3.3/avr5\libgcc.a(_udivmodsi4.o)
 .bss           0x0080013b        0x0 c:/winavr-20100110/bin/../lib/gcc/avr/4.3.3/avr5\libgcc.a(_exit.o)
 .bss           0x0080013b        0x0 c:/winavr-20100110/bin/../lib/gcc/avr/4.3.3/avr5\libgcc.a(_copy_data.o)
 .bss           0x0080013b        0x0 c:/winavr-20100110/bin/../lib/gcc/avr/4.3.3/avr5\libgcc.a(_clear_bss.o)
 *(.bss*)
 *(COMMON)
 COMMON         0x0080013b       0x35 timebase.o
                0x0080013b                Timebase
                0x0080013d                Timebase_type
                0x00800170                PROVIDE (__bss_end, .)
                0x00001b92                __data_load_start = LOADADDR (.data)
                0x00001b96                __data_load_end = (__data_load_start + SIZEOF (.data))

.noinit         0x00800170        0x0
                0x00800170                PROVIDE (__noinit_start, .)
 *(.noinit*)
                0x00800170                PROVIDE (__noinit_end, .)
                0x00800170                _end = .
                0x00800170                PROVIDE (__heap_start, .)

.eeprom         0x00810000        0x0
 *(.eeprom*)
                0x00810000                __eeprom_end = .

.fuse
 *(.fuse)
 *(.lfuse)
 *(.hfuse)
 *(.efuse)

.lock
 *(.lock*)

.signature
 *(.signature*)

.stab
 *(.stab)

.stabstr
 *(.stabstr)

.stab.excl
 *(.stab.excl)

.stab.exclstr
 *(.stab.exclstr)

.stab.index
 *(.stab.index)

.stab.indexstr
 *(.stab.indexstr)

.comment
 *(.comment)

.debug
 *(.debug)

.line
 *(.line)

.debug_srcinfo
 *(.debug_srcinfo)

.debug_sfnames
 *(.debug_sfnames)

.debug_aranges  0x00000000       0xa0
 *(.debug_aranges)
 .debug_aranges
                0x00000000       0x20 main.o
 .debug_aranges
                0x00000020       0x20 timebase.o
 .debug_aranges
                0x00000040       0x20 uart.o
 .debug_aranges
                0x00000060       0x20 res.o
 .debug_aranges
                0x00000080       0x20 lowpower.o

.debug_pubnames
                0x00000000     0x1174
 *(.debug_pubnames)
 .debug_pubnames
                0x00000000       0x1b main.o
 .debug_pubnames
                0x0000001b      0xa62 timebase.o
 .debug_pubnames
                0x00000a7d      0x352 uart.o
 .debug_pubnames
                0x00000dcf      0x318 res.o
 .debug_pubnames
                0x000010e7       0x8d lowpower.o

.debug_info     0x00000000     0x2df9
 *(.debug_info)
 .debug_info    0x00000000      0x131 main.o
 .debug_info    0x00000131     0x1e25 timebase.o
 .debug_info    0x00001f56      0x91c uart.o
 .debug_info    0x00002872      0x433 res.o
 .debug_info    0x00002ca5      0x154 lowpower.o
 *(.gnu.linkonce.wi.*)

.debug_abbrev   0x00000000      0x892
 *(.debug_abbrev)
 .debug_abbrev  0x00000000       0xc5 main.o
 .debug_abbrev  0x000000c5      0x304 timebase.o
 .debug_abbrev  0x000003c9      0x2d4 uart.o
 .debug_abbrev  0x0000069d      0x11e res.o
 .debug_abbrev  0x000007bb       0xd7 lowpower.o

.debug_line     0x00000000     0x1cc4
 *(.debug_line)
 .debug_line    0x00000000      0x14a main.o
 .debug_line    0x0000014a      0xc9f timebase.o
 .debug_line    0x00000de9      0x7ac uart.o
 .debug_line    0x00001595      0x5c0 res.o
 .debug_line    0x00001b55      0x16f lowpower.o

.debug_frame    0x00000000      0x8e0
 *(.debug_frame)
 .debug_frame   0x00000000       0x20 main.o
 .debug_frame   0x00000020      0x4a0 timebase.o
 .debug_frame   0x000004c0      0x210 uart.o
 .debug_frame   0x000006d0      0x1a0 res.o
 .debug_frame   0x00000870       0x70 lowpower.o

.debug_str      0x00000000     0x1227
 *(.debug_str)
 .debug_str     0x00000000       0xf9 main.o
                                0x12d (size before relaxing)
 .debug_str     0x000000f9      0xa9e timebase.o
                                0xbc2 (size before relaxing)
 .debug_str     0x00000b97      0x37a uart.o
                                0x483 (size before relaxing)
 .debug_str     0x00000f11      0x2a4 res.o
                                0x37b (size before relaxing)
 .debug_str     0x000011b5       0x72 lowpower.o
                                0x152 (size before relaxing)

.debug_loc      0x00000000      0xd51
 *(.debug_loc)
 .debug_loc     0x00000000       0x30 main.o
 .debug_loc     0x00000030      0x7e6 timebase.o
 .debug_loc     0x00000816      0x50a uart.o
 .debug_loc     0x00000d20       0x1e res.o
 .debug_loc     0x00000d3e       0x13 lowpower.o

.debug_macinfo
 *(.debug_macinfo)
OUTPUT(main.elf elf32-avr)
LOAD linker stubs

.debug_ranges   0x00000000       0x48
 .debug_ranges  0x00000000       0x48 uart.o

Cross Reference Table

Symbol                                            File
ADC_Disable                                       lowpower.o
Analog_Comparator_Disable                         lowpower.o
Deep_Sleep                                        lowpower.o
                                                  main.o
ProgRes_Clear_Update_Complete_Status              res.o
                                                  main.o
ProgRes_Disable_All                               res.o
                                                  main.o
ProgRes_Enable_Resistor                           res.o
ProgRes_Enable_Resistor1                          res.o
ProgRes_Enable_Resistor10                         res.o
ProgRes_Enable_Resistor11                         res.o
ProgRes_Enable_Resistor12                         res.o
ProgRes_Enable_Resistor13                         res.o
ProgRes_Enable_Resistor14                         res.o
ProgRes_Enable_Resistor15                         res.o
ProgRes_Enable_Resistor16                         res.o
ProgRes_Enable_Resistor17                         res.o
ProgRes_Enable_Resistor18                         res.o
ProgRes_Enable_Resistor2                          res.o
ProgRes_Enable_Resistor3                          res.o
ProgRes_Enable_Resistor4                          res.o
ProgRes_Enable_Resistor5                          res.o
ProgRes_Enable_Resistor6                          res.o
ProgRes_Enable_Resistor7                          res.o
ProgRes_Enable_Resistor8                          res.o
ProgRes_Enable_Resistor9                          res.o
ProgRes_Enable_Resistor_Update                    res.o
                                                  main.o
ProgRes_Get_Update_Complete_Status                res.o
ProgRes_Init                                      res.o
                                                  main.o
ProgRes_Set_Update_Complete_Status                res.o
Sleep_Init                                        lowpower.o
                                                  main.o
Timebase                                          timebase.o
Timebase_DownCounter_Clear_All_Flags              timebase.o
Timebase_DownCounter_Clear_Period_Flag            timebase.o
Timebase_DownCounter_Expired                      timebase.o
Timebase_DownCounter_Expired_Event                timebase.o
Timebase_DownCounter_Get_EndValue                 timebase.o
Timebase_DownCounter_Get_PeriodValue              timebase.o
Timebase_DownCounter_Get_Period_Flag              timebase.o
Timebase_DownCounter_Get_Remaining_Period_Value   timebase.o
Timebase_DownCounter_Get_Status                   timebase.o
Timebase_DownCounter_Get_Value                    timebase.o
Timebase_DownCounter_Period_Value_Expired         timebase.o
Timebase_DownCounter_Period_Value_Expired_Event   timebase.o
Timebase_DownCounter_Reset                        timebase.o
Timebase_DownCounter_Reset_All                    timebase.o
Timebase_DownCounter_Set_EndValue                 timebase.o
Timebase_DownCounter_Set_Forcefully               timebase.o
Timebase_DownCounter_Set_PeriodValue              timebase.o
Timebase_DownCounter_Set_Period_Flag              timebase.o
Timebase_DownCounter_Set_Period_Value_Securely    timebase.o
Timebase_DownCounter_Set_Securely                 timebase.o
Timebase_DownCounter_Set_Status                   timebase.o
Timebase_DownCounter_Set_Value                    timebase.o
Timebase_DownCounter_Start                        timebase.o
Timebase_DownCounter_Stop                         timebase.o
Timebase_DownCounter_Update                       timebase.o
Timebase_DownCounter_Update_All                   timebase.o
Timebase_ISR_Executables                          timebase.o
Timebase_Init                                     timebase.o
Timebase_Main_Loop_Executables                    timebase.o
Timebase_Reset                                    timebase.o
Timebase_Struct_Init                              timebase.o
Timebase_Timer_Config                             timebase.o
Timebase_Timer_Delay_Seconds                      timebase.o
Timebase_Timer_Delay_SubSeconds                   timebase.o
Timebase_Timer_Get_Seconds                        timebase.o
Timebase_Timer_Get_SubSeconds                     timebase.o
Timebase_Timer_Set_Seconds                        timebase.o
Timebase_Timer_Set_SubSeconds                     timebase.o
Timebase_Token_Add                                timebase.o
Timebase_Token_Executing                          timebase.o
Timebase_Token_Remove                             timebase.o
Timebase_Token_Remove_All                         timebase.o
Timebase_UpCounter_Clear_All_Flags                timebase.o
Timebase_UpCounter_Clear_Period_Flag              timebase.o
Timebase_UpCounter_Expired                        timebase.o
Timebase_UpCounter_Expired_Event                  timebase.o
Timebase_UpCounter_Get_EndValue                   timebase.o
Timebase_UpCounter_Get_PeriodValue                timebase.o
Timebase_UpCounter_Get_Period_Flag                timebase.o
Timebase_UpCounter_Get_Remaining_Period_Value     timebase.o
Timebase_UpCounter_Get_Status                     timebase.o
Timebase_UpCounter_Get_TargetValue                timebase.o
Timebase_UpCounter_Get_TemporaryValue             timebase.o
Timebase_UpCounter_Get_Value                      timebase.o
Timebase_UpCounter_Period_Value_Expired           timebase.o
Timebase_UpCounter_Period_Value_Expired_Event     timebase.o
Timebase_UpCounter_Reset                          timebase.o
Timebase_UpCounter_Reset_All                      timebase.o
Timebase_UpCounter_Set_EndValue                   timebase.o
Timebase_UpCounter_Set_Forcefully                 timebase.o
Timebase_UpCounter_Set_PeriodValue                timebase.o
Timebase_UpCounter_Set_Period_Flag                timebase.o
Timebase_UpCounter_Set_Period_Value_Securely      timebase.o
Timebase_UpCounter_Set_Securely                   timebase.o
Timebase_UpCounter_Set_Status                     timebase.o
Timebase_UpCounter_Set_TargetValue                timebase.o
Timebase_UpCounter_Set_TemporaryValue             timebase.o
Timebase_UpCounter_Set_Value                      timebase.o
Timebase_UpCounter_Start                          timebase.o
Timebase_UpCounter_Stop                           timebase.o
Timebase_UpCounter_Update                         timebase.o
Timebase_UpCounter_Update_All                     timebase.o
Timebase_type                                     timebase.o
UART_Bytes_Available_To_Read                      uart.o
UART_Config_BAUD_Rate                             uart.o
UART_Config_Clock                                 uart.o
UART_Config_GPIO                                  uart.o
UART_Config_Receiver                              uart.o
UART_Config_Receiver_Interrupt                    uart.o
UART_Config_Transmitter                           uart.o
UART_Current_Buffer_Index                         uart.o
UART_Current_Read_Index                           uart.o
UART_Determine_Digit_Numbers                      uart.o
UART_Flush_Buffer                                 uart.o
UART_Init                                         uart.o
UART_Interrupt_Service_Routine                    uart.o
UART_Last_Received_Byte                           uart.o
UART_Print_Debug_Data                             uart.o
UART_Read                                         uart.o
UART_Read_From_Buffer                             uart.o
UART_Receive_Byte                                 uart.o
UART_Struct_Init                                  uart.o
UART_Transmit_Byte                                uart.o
UART_Transmit_Byte_Bin                            uart.o
UART_Transmit_Byte_Hex                            uart.o
UART_Transmit_Fixed_Digit_Number                  uart.o
UART_Transmit_New_Line                            uart.o
UART_Transmit_Number                              uart.o
UART_Transmit_Number_Digits                       uart.o
UART_Transmit_Number_NL                           uart.o
UART_Transmit_Number_SP                           uart.o
UART_Transmit_Space                               uart.o
UART_Transmit_Text                                uart.o
UART_Transmit_Text_NL                             uart.o
WDT_Get_Ticks                                     lowpower.o
                                                  main.o
WDT_Ticks                                         lowpower.o
__bad_interrupt                                   c:/winavr-20100110/bin/../lib/gcc/avr/4.3.3/../../../../avr/lib/avr5/crtm328p.o
__bss_end                                         c:/winavr-20100110/bin/../lib/gcc/avr/4.3.3/avr5\libgcc.a(_clear_bss.o)
__bss_start                                       c:/winavr-20100110/bin/../lib/gcc/avr/4.3.3/avr5\libgcc.a(_clear_bss.o)
__data_end                                        c:/winavr-20100110/bin/../lib/gcc/avr/4.3.3/avr5\libgcc.a(_copy_data.o)
__data_load_start                                 c:/winavr-20100110/bin/../lib/gcc/avr/4.3.3/avr5\libgcc.a(_copy_data.o)
__data_start                                      c:/winavr-20100110/bin/../lib/gcc/avr/4.3.3/avr5\libgcc.a(_copy_data.o)
__do_clear_bss                                    c:/winavr-20100110/bin/../lib/gcc/avr/4.3.3/avr5\libgcc.a(_clear_bss.o)
                                                  lowpower.o
                                                  res.o
                                                  uart.o
                                                  timebase.o
__do_copy_data                                    c:/winavr-20100110/bin/../lib/gcc/avr/4.3.3/avr5\libgcc.a(_copy_data.o)
                                                  uart.o
__heap_end                                        c:/winavr-20100110/bin/../lib/gcc/avr/4.3.3/../../../../avr/lib/avr5/crtm328p.o
__init                                            c:/winavr-20100110/bin/../lib/gcc/avr/4.3.3/../../../../avr/lib/avr5/crtm328p.o
__stack                                           c:/winavr-20100110/bin/../lib/gcc/avr/4.3.3/../../../../avr/lib/avr5/crtm328p.o
__udivmodsi4                                      c:/winavr-20100110/bin/../lib/gcc/avr/4.3.3/avr5\libgcc.a(_udivmodsi4.o)
                                                  uart.o
                                                  timebase.o
                                                  main.o
__vector_1                                        c:/winavr-20100110/bin/../lib/gcc/avr/4.3.3/../../../../avr/lib/avr5/crtm328p.o
__vector_10                                       c:/winavr-20100110/bin/../lib/gcc/avr/4.3.3/../../../../avr/lib/avr5/crtm328p.o
__vector_11                                       c:/winavr-20100110/bin/../lib/gcc/avr/4.3.3/../../../../avr/lib/avr5/crtm328p.o
__vector_12                                       c:/winavr-20100110/bin/../lib/gcc/avr/4.3.3/../../../../avr/lib/avr5/crtm328p.o
__vector_13                                       c:/winavr-20100110/bin/../lib/gcc/avr/4.3.3/../../../../avr/lib/avr5/crtm328p.o
__vector_14                                       timebase.o
                                                  c:/winavr-20100110/bin/../lib/gcc/avr/4.3.3/../../../../avr/lib/avr5/crtm328p.o
__vector_15                                       c:/winavr-20100110/bin/../lib/gcc/avr/4.3.3/../../../../avr/lib/avr5/crtm328p.o
__vector_16                                       c:/winavr-20100110/bin/../lib/gcc/avr/4.3.3/../../../../avr/lib/avr5/crtm328p.o
__vector_17                                       c:/winavr-20100110/bin/../lib/gcc/avr/4.3.3/../../../../avr/lib/avr5/crtm328p.o
__vector_18                                       uart.o
                                                  c:/winavr-20100110/bin/../lib/gcc/avr/4.3.3/../../../../avr/lib/avr5/crtm328p.o
__vector_19                                       c:/winavr-20100110/bin/../lib/gcc/avr/4.3.3/../../../../avr/lib/avr5/crtm328p.o
__vector_2                                        c:/winavr-20100110/bin/../lib/gcc/avr/4.3.3/../../../../avr/lib/avr5/crtm328p.o
__vector_20                                       c:/winavr-20100110/bin/../lib/gcc/avr/4.3.3/../../../../avr/lib/avr5/crtm328p.o
__vector_21                                       c:/winavr-20100110/bin/../lib/gcc/avr/4.3.3/../../../../avr/lib/avr5/crtm328p.o
__vector_22                                       c:/winavr-20100110/bin/../lib/gcc/avr/4.3.3/../../../../avr/lib/avr5/crtm328p.o
__vector_23                                       c:/winavr-20100110/bin/../lib/gcc/avr/4.3.3/../../../../avr/lib/avr5/crtm328p.o
__vector_24                                       c:/winavr-20100110/bin/../lib/gcc/avr/4.3.3/../../../../avr/lib/avr5/crtm328p.o
__vector_25                                       c:/winavr-20100110/bin/../lib/gcc/avr/4.3.3/../../../../avr/lib/avr5/crtm328p.o
__vector_3                                        c:/winavr-20100110/bin/../lib/gcc/avr/4.3.3/../../../../avr/lib/avr5/crtm328p.o
__vector_4                                        c:/winavr-20100110/bin/../lib/gcc/avr/4.3.3/../../../../avr/lib/avr5/crtm328p.o
__vector_5                                        c:/winavr-20100110/bin/../lib/gcc/avr/4.3.3/../../../../avr/lib/avr5/crtm328p.o
__vector_6                                        lowpower.o
                                                  c:/winavr-20100110/bin/../lib/gcc/avr/4.3.3/../../../../avr/lib/avr5/crtm328p.o
__vector_7                                        c:/winavr-20100110/bin/../lib/gcc/avr/4.3.3/../../../../avr/lib/avr5/crtm328p.o
__vector_8                                        c:/winavr-20100110/bin/../lib/gcc/avr/4.3.3/../../../../avr/lib/avr5/crtm328p.o
__vector_9                                        c:/winavr-20100110/bin/../lib/gcc/avr/4.3.3/../../../../avr/lib/avr5/crtm328p.o
__vector_default                                  c:/winavr-20100110/bin/../lib/gcc/avr/4.3.3/../../../../avr/lib/avr5/crtm328p.o
__vectors                                         c:/winavr-20100110/bin/../lib/gcc/avr/4.3.3/../../../../avr/lib/avr5/crtm328p.o
_exit                                             c:/winavr-20100110/bin/../lib/gcc/avr/4.3.3/avr5\libgcc.a(_exit.o)
exit                                              c:/winavr-20100110/bin/../lib/gcc/avr/4.3.3/avr5\libgcc.a(_exit.o)
                                                  c:/winavr-20100110/bin/../lib/gcc/avr/4.3.3/../../../../avr/lib/avr5/crtm328p.o
main                                              main.o
                                                  c:/winavr-20100110/bin/../lib/gcc/avr/4.3.3/../../../../avr/lib/avr5/crtm328p.o
update_complete                                   res.o
